Drawable.hpp:132:23:virtual touchgfx::Drawable* touchgfx::Drawable::getFirstChild()	0	static
Drawable.hpp:298:18:virtual void touchgfx::Drawable::setX(int16_t)	0	static
Drawable.hpp:310:18:virtual void touchgfx::Drawable::setY(int16_t)	0	static
Drawable.hpp:339:18:virtual void touchgfx::Drawable::setWidth(int16_t)	0	static
Drawable.hpp:351:18:virtual void touchgfx::Drawable::setHeight(int16_t)	0	static
Drawable.hpp:361:18:virtual void touchgfx::Drawable::childGeometryChanged()	0	static
Drawable.hpp:372:18:virtual void touchgfx::Drawable::handleClickEvent(const touchgfx::ClickEvent&)	0	static
Drawable.hpp:383:18:virtual void touchgfx::Drawable::handleGestureEvent(const touchgfx::GestureEvent&)	0	static
Drawable.hpp:471:18:virtual void touchgfx::Drawable::handleDragEvent(const touchgfx::DragEvent&)	0	static
Drawable.hpp:481:18:virtual void touchgfx::Drawable::handleTickEvent()	0	static
Drawable.hpp:568:18:virtual void touchgfx::Drawable::moveTo(int16_t, int16_t)	4	static
Drawable.hpp:683:18:virtual void touchgfx::Drawable::setupDrawChain(const touchgfx::Rect&, touchgfx::Drawable**)	0	static
Screen.hpp:93:18:virtual void touchgfx::Screen::setupScreen()	0	static
Screen.hpp:104:18:virtual void touchgfx::Screen::afterTransition()	0	static
Screen.hpp:115:18:virtual void touchgfx::Screen::tearDownScreen()	0	static
Screen.hpp:144:18:virtual void touchgfx::Screen::handleTickEvent()	0	static
Screen.hpp:154:18:virtual void touchgfx::Screen::handleKeyEvent(uint8_t)	0	static
Widget.hpp:47:18:virtual void touchgfx::Widget::getLastChild(int16_t, int16_t, touchgfx::Drawable**)	0	static
TypedText.hpp:65:13:touchgfx::TypedText::~TypedText()	0	static
View.hpp:36:7:touchgfx::View<IntervalPresenter>::~View()	0	static
IntervalViewBase.hpp:21:13:IntervalViewBase::~IntervalViewBase()	0	static
IntervalViewBase.hpp:27:18:virtual void IntervalViewBase::ConfirmChange()	0	static
IntervalViewBase.hpp:32:18:virtual void IntervalViewBase::CancelIntervalChange()	0	static
IntervalViewBase.hpp:37:18:virtual void IntervalViewBase::AddHoursClicked()	0	static
IntervalViewBase.hpp:42:18:virtual void IntervalViewBase::AddMinutesClicked()	0	static
IntervalViewBase.hpp:47:18:virtual void IntervalViewBase::AddSecondsClicked()	0	static
IntervalViewBase.hpp:52:18:virtual void IntervalViewBase::SubHoursClicked()	0	static
IntervalViewBase.hpp:57:18:virtual void IntervalViewBase::SubMinutesClicked()	0	static
IntervalViewBase.hpp:62:18:virtual void IntervalViewBase::SubSecondsClicked()	0	static
IntervalViewBase.cpp:115:6:virtual void IntervalViewBase::setupScreen()	0	static
Callback.hpp:357:8:touchgfx::Callback<IntervalViewBase, const touchgfx::AbstractButton&>::~Callback()	0	static
Callback.hpp:386:18:void touchgfx::Callback<dest_type, T1, void, void>::execute(T1) [with dest_type = IntervalViewBase; T1 = const touchgfx::AbstractButton&]	8	static
Callback.hpp:396:18:bool touchgfx::Callback<dest_type, T1, void, void>::isValid() const [with dest_type = IntervalViewBase; T1 = const touchgfx::AbstractButton&]	0	static
TypedText.hpp:65:13:virtual touchgfx::TypedText::~TypedText()	8	static
View.hpp:36:7:virtual touchgfx::View<IntervalPresenter>::~View()	8	static
Callback.hpp:357:8:virtual touchgfx::Callback<IntervalViewBase, const touchgfx::AbstractButton&>::~Callback()	8	static
IntervalViewBase.hpp:21:13:virtual IntervalViewBase::~IntervalViewBase()	8	static
IntervalViewBase.cpp:120:6:void IntervalViewBase::buttonCallbackHandler(const touchgfx::AbstractButton&)	8	static
Drawable.hpp:48:5:touchgfx::Drawable::Drawable()	0	static
Drawable.hpp:326:10:void touchgfx::Drawable::setXY(int16_t, int16_t)	16	static
Drawable.hpp:216:10:void touchgfx::Drawable::setPosition(int16_t, int16_t, int16_t, int16_t)	16	static
Image.hpp:50:5:touchgfx::Image::Image(const touchgfx::Bitmap&)	16	static
IntervalViewBase.cpp:9:1:IntervalViewBase::IntervalViewBase()	144	static
