Screen.hpp:104:18:virtual void touchgfx::Screen::afterTransition()	0	static
Screen.hpp:144:18:virtual void touchgfx::Screen::handleTickEvent()	0	static
Screen.hpp:154:18:virtual void touchgfx::Screen::handleKeyEvent(uint8_t)	0	static
BulbTimeViewBase.hpp:27:18:virtual void BulbTimeViewBase::ConfirmTimeChange()	0	static
BulbTimeViewBase.hpp:32:18:virtual void BulbTimeViewBase::CancelTimeChange()	0	static
BulbTimeView.hpp:11:13:BulbTimeView::~BulbTimeView()	0	static
BulbTimeView.cpp:13:6:virtual void BulbTimeView::tearDownScreen()	0	static
BulbTimeView.cpp:8:6:virtual void BulbTimeView::setupScreen()	0	static
BulbTimeView.hpp:11:13:virtual BulbTimeView::~BulbTimeView()	8	static
BulbTimeView.cpp:3:1:BulbTimeView::BulbTimeView()	8	static
