BulbTimePresenter.hpp:30:13:BulbTimePresenter::~BulbTimePresenter()	0	static
BulbTimePresenter.cpp:10:6:virtual void BulbTimePresenter::activate()	0	static
BulbTimePresenter.hpp:30:13:virtual BulbTimePresenter::~BulbTimePresenter()	8	static
BulbTimePresenter.cpp:20:6:virtual void BulbTimePresenter::SaveTime(uint8_t, uint8_t, uint8_t)	0	static
BulbTimePresenter.cpp:25:6:virtual void BulbTimePresenter::GetTime(uint8_t*, uint8_t*, uint8_t*)	0	static
BulbTimePresenter.hpp:30:13:virtual void* BulbTimePresenter::_ZThn4_N17BulbTimePresenterD1Ev()	0	static
BulbTimePresenter.cpp:4:1:BulbTimePresenter::BulbTimePresenter(BulbTimeView&)	8	static
