RepetitionsPresenter.hpp:31:13:RepetitionsPresenter::~RepetitionsPresenter()	0	static
RepetitionsPresenter.cpp:10:6:virtual void RepetitionsPresenter::activate()	0	static
RepetitionsPresenter.hpp:31:13:virtual RepetitionsPresenter::~RepetitionsPresenter()	8	static
RepetitionsPresenter.hpp:31:13:virtual void* RepetitionsPresenter::_ZThn4_N20RepetitionsPresenterD1Ev()	0	static
RepetitionsPresenter.cpp:4:1:RepetitionsPresenter::RepetitionsPresenter(RepetitionsView&)	8	static
RepetitionsPresenter.cpp:20:10:uint32_t RepetitionsPresenter::GetRepetitionCount()	0	static
RepetitionsPresenter.cpp:25:6:void RepetitionsPresenter::SetRepetitionCount(uint32_t)	0	static
